2025-05-07 20:40:58.152 INFO  com.string.StingApplication - Starting StingApplication using Java 21.0.1 with PID 9768 (N:\Pro\Menses\2024\June\Sting\target\classes started by NaveenWodeyar in N:\Pro\Menses\2024\June\Sting)
2025-05-07 20:40:58.156 INFO  com.string.StingApplication - The following 1 profile is active: "dev"
2025-05-07 20:40:58.287 INFO  o.s.b.d.e.DevToolsPropertyDefaultsPostProcessor - Devtools property defaults active! Set 'spring.devtools.add-properties' to 'false' to disable
2025-05-07 20:40:58.288 INFO  o.s.b.d.e.DevToolsPropertyDefaultsPostProcessor - For additional web related logging consider setting the 'logging.level.web' property to 'DEBUG'
2025-05-07 20:41:01.577 INFO  o.s.d.r.c.RepositoryConfigurationDelegate - Bootstrapping Spring Data JPA repositories in DEFAULT mode.
2025-05-07 20:41:01.652 INFO  o.s.d.r.c.RepositoryConfigurationDelegate - Finished Spring Data repository scanning in 50 ms. Found 0 JPA repository interfaces.
2025-05-07 20:41:03.836 INFO  o.s.b.w.e.tomcat.TomcatWebServer - Tomcat initialized with port 5544 (http)
2025-05-07 20:41:03.857 INFO  o.a.coyote.http11.Http11NioProtocol - Initializing ProtocolHandler ["http-nio-5544"]
2025-05-07 20:41:03.860 INFO  o.a.catalina.core.StandardService - Starting service [Tomcat]
2025-05-07 20:41:03.861 INFO  o.a.catalina.core.StandardEngine - Starting Servlet engine: [Apache Tomcat/10.1.25]
2025-05-07 20:41:03.948 INFO  o.a.c.c.C.[Tomcat].[localhost].[/] - Initializing Spring embedded WebApplicationContext
2025-05-07 20:41:03.949 INFO  o.s.b.w.s.c.ServletWebServerApplicationContext - Root WebApplicationContext: initialization completed in 5656 ms
2025-05-07 20:41:04.201 INFO  com.zaxxer.hikari.HikariDataSource - HikariPool-1 - Starting...
2025-05-07 20:41:05.279 INFO  com.zaxxer.hikari.pool.HikariPool - HikariPool-1 - Added connection com.mysql.cj.jdbc.ConnectionImpl@76bbaa17
2025-05-07 20:41:05.284 INFO  com.zaxxer.hikari.HikariDataSource - HikariPool-1 - Start completed.
2025-05-07 20:41:05.311 INFO  o.s.b.a.h.H2ConsoleAutoConfiguration - H2 console available at '/h2-console'. Database available at 'jdbc:mysql://localhost:3306/cachedDb?createDatabaseIfNotExist=true'
2025-05-07 20:41:05.565 DEBUG o.s.w.f.ServerHttpObservationFilter - Filter 'webMvcObservationFilter' configured for use
2025-05-07 20:41:06.615 INFO  o.s.o.j.p.SpringPersistenceUnitInfo - No LoadTimeWeaver setup: ignoring JPA class transformer
2025-05-07 20:41:08.027 INFO  o.s.o.j.LocalContainerEntityManagerFactoryBean - Initialized JPA EntityManagerFactory for persistence unit 'default'
2025-05-07 20:41:08.382 WARN  o.s.b.a.o.j.JpaBaseConfiguration$JpaWebConfiguration - spring.jpa.open-in-view is enabled by default. Therefore, database queries may be performed during view rendering. Explicitly configure spring.jpa.open-in-view to disable this warning
2025-05-07 20:41:10.018 DEBUG o.s.w.s.m.m.a.RequestMappingHandlerMapping - 2 mappings in 'requestMappingHandlerMapping'
2025-05-07 20:41:10.640 DEBUG o.s.w.s.h.SimpleUrlHandlerMapping - Patterns [/webjars/**, /**] in 'resourceHandlerMapping'
2025-05-07 20:41:10.747 DEBUG o.s.w.s.m.m.a.RequestMappingHandlerAdapter - ControllerAdvice beans: 0 @ModelAttribute, 0 @InitBinder, 1 RequestBodyAdvice, 1 ResponseBodyAdvice
2025-05-07 20:41:10.821 DEBUG o.s.w.s.m.m.a.ExceptionHandlerExceptionResolver - ControllerAdvice beans: 1 @ExceptionHandler, 1 ResponseBodyAdvice
2025-05-07 20:41:10.916 DEBUG o.s.w.s.m.m.a.ExceptionHandlerExceptionResolver - ControllerAdvice beans: 1 @ExceptionHandler, 0 ResponseBodyAdvice
2025-05-07 20:41:11.552 INFO  o.s.s.c.a.a.c.InitializeUserDetailsBeanManagerConfigurer$InitializeUserDetailsManagerConfigurer - Global AuthenticationManager configured with UserDetailsService bean with name inMemoryUserDetailsManager
2025-05-07 20:41:11.885 INFO  o.s.b.a.e.web.EndpointLinksResolver - Exposing 1 endpoint beneath base path '/actuator'
2025-05-07 20:41:12.364 INFO  o.s.b.d.a.OptionalLiveReloadServer - LiveReload server is running on port 35729
2025-05-07 20:41:12.468 INFO  o.a.coyote.http11.Http11NioProtocol - Starting ProtocolHandler ["http-nio-5544"]
2025-05-07 20:41:12.503 INFO  o.s.b.w.e.tomcat.TomcatWebServer - Tomcat started on port 5544 (http) with context path '/'
2025-05-07 20:41:12.535 INFO  com.string.StingApplication - Started StingApplication in 15.611 seconds (process running for 17.606)
2025-05-07 20:41:13.562 INFO  o.a.c.c.C.[Tomcat].[localhost].[/] - Initializing Spring DispatcherServlet 'dispatcherServlet'
2025-05-07 20:41:13.562 INFO  o.s.web.servlet.DispatcherServlet - Initializing Servlet 'dispatcherServlet'
2025-05-07 20:41:13.563 DEBUG o.s.web.servlet.DispatcherServlet - Detected StandardServletMultipartResolver
2025-05-07 20:41:13.563 DEBUG o.s.web.servlet.DispatcherServlet - Detected AcceptHeaderLocaleResolver
2025-05-07 20:41:13.563 DEBUG o.s.web.servlet.DispatcherServlet - Detected FixedThemeResolver
2025-05-07 20:41:13.565 DEBUG o.s.web.servlet.DispatcherServlet - Detected org.springframework.web.servlet.view.DefaultRequestToViewNameTranslator@76d8c918
2025-05-07 20:41:13.566 DEBUG o.s.web.servlet.DispatcherServlet - Detected org.springframework.web.servlet.support.SessionFlashMapManager@27aeb8d7
2025-05-07 20:41:13.567 DEBUG o.s.web.servlet.DispatcherServlet - enableLoggingRequestDetails='false': request parameters and headers will be masked to prevent unsafe logging of potentially sensitive data
2025-05-07 20:41:13.567 INFO  o.s.web.servlet.DispatcherServlet - Completed initialization in 5 ms
2025-05-07 20:43:16.161 INFO  o.s.b.a.SpringApplicationAdminMXBeanRegistrar$SpringApplicationAdmin - Application shutdown requested.
2025-05-07 20:43:16.171 INFO  o.a.coyote.http11.Http11NioProtocol - Stopping ProtocolHandler ["http-nio-5544"]
2025-05-07 20:43:16.205 INFO  o.s.o.j.LocalContainerEntityManagerFactoryBean - Closing JPA EntityManagerFactory for persistence unit 'default'
2025-05-07 20:43:16.214 INFO  com.zaxxer.hikari.HikariDataSource - HikariPool-1 - Shutdown initiated...
2025-05-07 20:43:16.243 INFO  com.zaxxer.hikari.HikariDataSource - HikariPool-1 - Shutdown completed.
